#
# There is insufficient memory for the Java Runtime Environment to continue.
# Native memory allocation (mmap) failed to map 220200960 bytes. Error detail: G1 virtual space
# Possible reasons:
#   The system is out of physical RAM or swap space
#   This process is running with CompressedOops enabled, and the Java Heap may be blocking the growth of the native heap
# Possible solutions:
#   Reduce memory load on the system
#   Increase physical memory or swap space
#   Check if swap backing store is full
#   Decrease Java heap size (-Xmx/-Xms)
#   Decrease number of Java threads
#   Decrease Java thread stack sizes (-Xss)
#   Set larger code cache with -XX:ReservedCodeCacheSize=
#   JVM is running with Unscaled Compressed Oops mode in which the Java heap is
#     placed in the first 4GB address space. The Java Heap base address is the
#     maximum limit for the native heap growth. Please use -XX:HeapBaseMinAddress
#     to set the Java Heap base and to place the Java Heap above 4GB virtual address.
# This output file may be truncated or incomplete.
#
#  Out of Memory Error (os_windows.cpp:3554), pid=10900, tid=37272
#
# JRE version: OpenJDK Runtime Environment Temurin-25.0.2+10 (25.0.2+10) (build 25.0.2+10-LTS)
# Java VM: OpenJDK 64-Bit Server VM Temurin-25.0.2+10 (25.0.2+10-LTS, mixed mode, sharing, tiered, compressed oops, compressed class ptrs, g1 gc, windows-amd64)
# No core dump will be written. Minidumps are not enabled by default on client versions of Windows
#

---------------  S U M M A R Y ------------

Command Line: C:\Users\Ignacio\AppData\Local\Temp\surefire16628403635127215584\surefirebooter-20260828182022935_3.jar C:\Users\Ignacio\AppData\Local\Temp\surefire16628403635127215584 2026-08-28T18-20-22_487-jvmRun1 surefire-20260828182022935_1tmp surefire_0-20260828182022935_2tmp

Host: 11th Gen Intel(R) Core(TM) i3-1115G4 @ 3.00GHz, 4 cores, 7G,  Windows 11 , 64 bit Build 26100 (10.0.26100.9168)
Time: Fri Aug 28 18:20:58 2026 Hora estándar de Argentina elapsed time: 35.163084 seconds (0d 0h 0m 35s)

---------------  T H R E A D  ---------------

Current thread (0x000001b16d986190):  VMThread "VM Thread"          [id=37272, stack(0x0000008fe2000000,0x0000008fe2100000) (1024K)]

Stack: [0x0000008fe2000000,0x0000008fe2100000]
Native frames: (J=compiled Java code, j=interpreted, Vv=VM code, C=native code)
V  [jvm.dll+0x7a8bc9]  (no source info available)
V  [jvm.dll+0x77310d]  (no source info available)
V  [jvm.dll+0x9f55f3]  (no source info available)
V  [jvm.dll+0x9f7be1]  (no source info available)
V  [jvm.dll+0x9f82f3]  (no source info available)
V  [jvm.dll+0x2fce26]  (no source info available)
V  [jvm.dll+0x7a4df5]  (no source info available)
V  [jvm.dll+0x798257]  (no source info available)
V  [jvm.dll+0x3f5248]  (no source info available)
V  [jvm.dll+0x3fd1b6]  (no source info available)
V  [jvm.dll+0x3e991e]  (no source info available)
V  [jvm.dll+0x3e9bd8]  (no source info available)
V  [jvm.dll+0x3c0c05]  (no source info available)
V  [jvm.dll+0x3c0c9a]  (no source info available)
V  [jvm.dll+0x40df96]  (no source info available)
V  [jvm.dll+0x40c8a8]  (no source info available)
V  [jvm.dll+0x3c0337]  (no source info available)
V  [jvm.dll+0x40bc8f]  (no source info available)
V  [jvm.dll+0x9fe542]  (no source info available)
V  [jvm.dll+0x9ff861]  (no source info available)
V  [jvm.dll+0x9ffdd8]  (no source info available)
V  [jvm.dll+0xa00073]  (no source info available)
V  [jvm.dll+0x996b0d]  (no source info available)
V  [jvm.dll+0x7a71a5]  (no source info available)
C  [ucrtbase.dll+0x2cd30]  (no source info available)
C  [KERNEL32.DLL+0x2ccb7]  (no source info available)
C  [ntdll.dll+0xaad6c]  (no source info available)

VM_Operation (0x0000008fe19f6930): G1CollectForAllocation, mode: safepoint, requested by thread 0x000001b14efbece0


---------------  P R O C E S S  ---------------

Threads class SMR info:
_java_thread_list=0x000001b174e168e0, length=16, elements={
0x000001b14efbece0, 0x000001b16d997aa0, 0x000001b16d9987b0, 0x000001b16d99d9f0,
0x000001b16d9a2920, 0x000001b16d9a4b40, 0x000001b16d9a63a0, 0x000001b16d9a85a0,
0x000001b16d9b15d0, 0x000001b16da786b0, 0x000001b16da8bad0, 0x000001b1724ad950,
0x000001b1724c0910, 0x000001b172cd7e80, 0x000001b172cd4fa0, 0x000001b1731b2f30
}

Java Threads: ( => current thread )
  0x000001b14efbece0 JavaThread "main"                              [_thread_blocked, id=44780, stack(0x0000008fe1900000,0x0000008fe1a00000) (1024K)]
  0x000001b16d997aa0 JavaThread "Reference Handler"          daemon [_thread_blocked, id=42088, stack(0x0000008fe2100000,0x0000008fe2200000) (1024K)]
  0x000001b16d9987b0 JavaThread "Finalizer"                  daemon [_thread_blocked, id=43416, stack(0x0000008fe2200000,0x0000008fe2300000) (1024K)]
  0x000001b16d99d9f0 JavaThread "Signal Dispatcher"          daemon [_thread_blocked, id=21324, stack(0x0000008fe2300000,0x0000008fe2400000) (1024K)]
  0x000001b16d9a2920 JavaThread "Attach Listener"            daemon [_thread_blocked, id=26940, stack(0x0000008fe2400000,0x0000008fe2500000) (1024K)]
  0x000001b16d9a4b40 JavaThread "Service Thread"             daemon [_thread_blocked, id=32424, stack(0x0000008fe2500000,0x0000008fe2600000) (1024K)]
  0x000001b16d9a63a0 JavaThread "Monitor Deflation Thread"   daemon [_thread_blocked, id=44372, stack(0x0000008fe2600000,0x0000008fe2700000) (1024K)]
  0x000001b16d9a85a0 JavaThread "C2 CompilerThread0"         daemon [_thread_blocked, id=45612, stack(0x0000008fe2700000,0x0000008fe2800000) (1024K)]
  0x000001b16d9b15d0 JavaThread "C1 CompilerThread0"         daemon [_thread_blocked, id=41972, stack(0x0000008fe2800000,0x0000008fe2900000) (1024K)]
  0x000001b16da786b0 JavaThread "Notification Thread"        daemon [_thread_blocked, id=38636, stack(0x0000008fe2900000,0x0000008fe2a00000) (1024K)]
  0x000001b16da8bad0 JavaThread "Common-Cleaner"             daemon [_thread_blocked, id=43384, stack(0x0000008fe2a00000,0x0000008fe2b00000) (1024K)]
  0x000001b1724ad950 JavaThread "surefire-forkedjvm-stream-flusher" daemon [_thread_blocked, id=29536, stack(0x0000008fe2b00000,0x0000008fe2c00000) (1024K)]
  0x000001b1724c0910 JavaThread "surefire-forkedjvm-command-thread" daemon [_thread_in_native, id=41860, stack(0x0000008fe2c00000,0x0000008fe2d00000) (1024K)]
  0x000001b172cd7e80 JavaThread "Cleaner-0"                  daemon [_thread_blocked, id=6232, stack(0x0000008fe3000000,0x0000008fe3100000) (1024K)]
  0x000001b172cd4fa0 JavaThread "HikariPool-1:housekeeper"   daemon [_thread_blocked, id=44524, stack(0x0000008fe3200000,0x0000008fe3300000) (1024K)]
  0x000001b1731b2f30 JavaThread "C2 CompilerThread1"         daemon [_thread_blocked, id=36872, stack(0x0000008fe3400000,0x0000008fe3500000) (1024K)]
Total: 16

Other Threads:
=>0x000001b16d986190 VMThread "VM Thread"                           [id=37272, stack(0x0000008fe2000000,0x0000008fe2100000) (1024K)]
  0x000001b16d970b00 WatcherThread "VM Periodic Task Thread"        [id=39040, stack(0x0000008fe1f00000,0x0000008fe2000000) (1024K)]
  0x000001b151379840 WorkerThread "GC Thread#0"                     [id=29924, stack(0x0000008fe1a00000,0x0000008fe1b00000) (1024K)]
  0x000001b172be55f0 WorkerThread "GC Thread#1"                     [id=41180, stack(0x0000008fe2d00000,0x0000008fe2e00000) (1024K)]
  0x000001b172be7e30 WorkerThread "GC Thread#2"                     [id=41248, stack(0x0000008fe2e00000,0x0000008fe2f00000) (1024K)]
  0x000001b173c1e000 WorkerThread "GC Thread#3"                     [id=42004, stack(0x0000008fe2f00000,0x0000008fe3000000) (1024K)]
  0x000001b151393560 ConcurrentGCThread "G1 Main Marker"            [id=40616, stack(0x0000008fe1b00000,0x0000008fe1c00000) (1024K)]
  0x000001b151396010 WorkerThread "G1 Conc#0"                       [id=43144, stack(0x0000008fe1c00000,0x0000008fe1d00000) (1024K)]
  0x000001b1513c7ba0 ConcurrentGCThread "G1 Refine#0"               [id=43236, stack(0x0000008fe1d00000,0x0000008fe1e00000) (1024K)]
  0x000001b1513cad60 ConcurrentGCThread "G1 Service"                [id=16064, stack(0x0000008fe1e00000,0x0000008fe1f00000) (1024K)]
Total: 10

Threads with active compile tasks:
Total: 0

VM state: at safepoint (normal execution)

VM Mutex/Monitor currently owned by a thread:  ([mutex/lock_event])
[0x00007ffd2e8563c8] Threads_lock - owner thread: 0x000001b16d986190
[0x00007ffd2e856548] Heap_lock - owner thread: 0x000001b14efbece0

Heap address: 0x0000000083600000, size: 1994 MB, Compressed Oops mode: 32-bit

CDS archive(s) mapped at: [0x000000001b000000-0x000000001bdd0000-0x000000001bdd0000), size 14483456, SharedBaseAddress: 0x000000001b000000, ArchiveRelocationMode: 1.
Compressed class space mapped at: 0x000000001c000000-0x000000005c000000, reserved size: 1073741824
UseCompressedClassPointers 1, UseCompactObjectHeaders 0
Narrow klass pointer bits 32, Max shift 3
Narrow klass base: 0x000000001b000000, Narrow klass shift: 0
Encoding Range: [0x000000001b000000 - 0x000000011b000000), (4294967296 bytes)
Klass Range:    [0x000000001b010000 - 0x000000005c000000), (1090453504 bytes)
Klass ID Range:  [65536 - 1090519033) (1090453497)
Protection zone: [0x000000001b000000 - 0x000000001b010000), (65536 bytes)

GC Precious Log:
 CardTable entry size: 512
 Card Set container configuration: InlinePtr #cards 5 size 8 Array Of Cards #cards 10 size 36 Howl #buckets 4 coarsen threshold 1843 Howl Bitmap #cards 512 size 80 coarsen threshold 460 Card regions per heap region 1 cards per card region 2048
 CPUs: 4 total, 4 available
 Memory: 7975M
 Large Page Support: Disabled
 NUMA Support: Disabled
 Compressed Oops: Enabled (32-bit)
 Heap Region Size: 1M
 Heap Min Capacity: 8M
 Heap Initial Capacity: 126M
 Heap Max Capacity: 1994M
 Pre-touch: Disabled
 Parallel Workers: 4
 Concurrent Workers: 1
 Concurrent Refinement Workers: 4
 Periodic GC: Disabled

Heap:
 garbage-first heap   total reserved 2041856K, committed 183296K, used 100329K [0x0000000083600000, 0x0000000100000000)
  region size 1024K, 5 young (5120K), 5 survivors (5120K)

Heap Regions: E=young(eden), S=young(survivor), O=old, HS=humongous(starts), HC=humongous(continues), CS=collection set, F=free, TAMS=top-at-mark-start, PB=parsable bottom
|   0|0x0000000083600000, 0x0000000083700000, 0x0000000083700000|100%|HS|  |TAMS 0x0000000083700000| PB 0x0000000083600000| Complete |  0
|   1|0x0000000083700000, 0x0000000083800000, 0x0000000083800000|100%| O|  |TAMS 0x0000000083800000| PB 0x0000000083700000| Untracked |  0
|   2|0x0000000083800000, 0x0000000083900000, 0x0000000083900000|100%| O|  |TAMS 0x0000000083900000| PB 0x0000000083800000| Untracked |  0
|   3|0x0000000083900000, 0x0000000083a00000, 0x0000000083a00000|100%| O|  |TAMS 0x0000000083a00000| PB 0x0000000083900000| Untracked |  0
|   4|0x0000000083a00000, 0x0000000083b00000, 0x0000000083b00000|100%| O|  |TAMS 0x0000000083b00000| PB 0x0000000083a00000| Untracked |  0
|   5|0x0000000083b00000, 0x0000000083c00000, 0x0000000083c00000|100%| O|  |TAMS 0x0000000083c00000| PB 0x0000000083b00000| Untracked |  0
|   6|0x0000000083c00000, 0x0000000083d00000, 0x0000000083d00000|100%| O|  |TAMS 0x0000000083d00000| PB 0x0000000083c00000| Untracked |  0
|   7|0x0000000083d00000, 0x0000000083e00000, 0x0000000083e00000|100%| O|  |TAMS 0x0000000083e00000| PB 0x0000000083d00000| Untracked |  0
|   8|0x0000000083e00000, 0x0000000083f00000, 0x0000000083f00000|100%| O|  |TAMS 0x0000000083f00000| PB 0x0000000083e00000| Untracked |  0
|   9|0x0000000083f00000, 0x0000000084000000, 0x0000000084000000|100%| O|  |TAMS 0x0000000084000000| PB 0x0000000083f00000| Untracked |  0
|  10|0x0000000084000000, 0x0000000084100000, 0x0000000084100000|100%| O|  |TAMS 0x0000000084100000| PB 0x0000000084000000| Untracked |  0
|  11|0x0000000084100000, 0x0000000084200000, 0x0000000084200000|100%| O|  |TAMS 0x0000000084200000| PB 0x0000000084100000| Untracked |  0
|  12|0x0000000084200000, 0x0000000084300000, 0x0000000084300000|100%| O|  |TAMS 0x0000000084300000| PB 0x0000000084200000| Untracked |  0
|  13|0x0000000084300000, 0x0000000084400000, 0x0000000084400000|100%| O|  |TAMS 0x0000000084400000| PB 0x0000000084300000| Untracked |  0
|  14|0x0000000084400000, 0x0000000084500000, 0x0000000084500000|100%| O|  |TAMS 0x0000000084500000| PB 0x0000000084400000| Untracked |  0
|  15|0x0000000084500000, 0x0000000084600000, 0x0000000084600000|100%| O|  |TAMS 0x0000000084600000| PB 0x0000000084500000| Untracked |  0
|  16|0x0000000084600000, 0x0000000084700000, 0x0000000084700000|100%| O|  |TAMS 0x0000000084700000| PB 0x0000000084600000| Untracked |  0
|  17|0x0000000084700000, 0x0000000084800000, 0x0000000084800000|100%| O|  |TAMS 0x0000000084800000| PB 0x0000000084700000| Untracked |  0
|  18|0x0000000084800000, 0x0000000084900000, 0x0000000084900000|100%| O|  |TAMS 0x0000000084900000| PB 0x0000000084800000| Untracked |  0
|  19|0x0000000084900000, 0x0000000084a00000, 0x0000000084a00000|100%| O|  |TAMS 0x0000000084a00000| PB 0x0000000084900000| Untracked |  0
|  20|0x0000000084a00000, 0x0000000084b00000, 0x0000000084b00000|100%| O|  |TAMS 0x0000000084b00000| PB 0x0000000084a00000| Untracked |  0
|  21|0x0000000084b00000, 0x0000000084c00000, 0x0000000084c00000|100%| O|  |TAMS 0x0000000084c00000| PB 0x0000000084b00000| Untracked |  0
|  22|0x0000000084c00000, 0x0000000084d00000, 0x0000000084d00000|100%| O|  |TAMS 0x0000000084d00000| PB 0x0000000084c00000| Untracked |  0
|  23|0x0000000084d00000, 0x0000000084e00000, 0x0000000084e00000|100%| O|  |TAMS 0x0000000084e00000| PB 0x0000000084d00000| Untracked |  0
|  24|0x0000000084e00000, 0x0000000084f00000, 0x0000000084f00000|100%| O|  |TAMS 0x0000000084f00000| PB 0x0000000084e00000| Untracked |  0
|  25|0x0000000084f00000, 0x0000000085000000, 0x0000000085000000|100%| O|  |TAMS 0x0000000085000000| PB 0x0000000084f00000| Untracked |  0
|  26|0x0000000085000000, 0x0000000085100000, 0x0000000085100000|100%| O|  |TAMS 0x0000000085100000| PB 0x0000000085000000| Untracked |  0
|  27|0x0000000085100000, 0x0000000085200000, 0x0000000085200000|100%| O|  |TAMS 0x0000000085200000| PB 0x0000000085100000| Untracked |  0
|  28|0x0000000085200000, 0x0000000085300000, 0x0000000085300000|100%| O|  |TAMS 0x0000000085300000| PB 0x0000000085200000| Untracked |  0
|  29|0x0000000085300000, 0x0000000085400000, 0x0000000085400000|100%| O|  |TAMS 0x0000000085400000| PB 0x0000000085300000| Untracked |  0
|  30|0x0000000085400000, 0x0000000085500000, 0x0000000085500000|100%| O|  |TAMS 0x0000000085500000| PB 0x0000000085400000| Untracked |  0
|  31|0x0000000085500000, 0x0000000085600000, 0x0000000085600000|100%| O|  |TAMS 0x0000000085600000| PB 0x0000000085500000| Untracked |  0
|  32|0x0000000085600000, 0x0000000085700000, 0x0000000085700000|100%| O|  |TAMS 0x0000000085700000| PB 0x0000000085600000| Untracked |  0
|  33|0x0000000085700000, 0x0000000085800000, 0x0000000085800000|100%|HS|  |TAMS 0x0000000085800000| PB 0x0000000085700000| Complete |  0
|  34|0x0000000085800000, 0x0000000085900000, 0x0000000085900000|100%| O|  |TAMS 0x0000000085900000| PB 0x0000000085800000| Untracked |  0
|  35|0x0000000085900000, 0x0000000085a00000, 0x0000000085a00000|100%| O|  |TAMS 0x0000000085a00000| PB 0x0000000085900000| Untracked |  0
|  36|0x0000000085a00000, 0x0000000085b00000, 0x0000000085b00000|100%| O|  |TAMS 0x0000000085b00000| PB 0x0000000085a00000| Untracked |  0
|  37|0x0000000085b00000, 0x0000000085c00000, 0x0000000085c00000|100%| O|  |TAMS 0x0000000085c00000| PB 0x0000000085b00000| Untracked |  0
|  38|0x0000000085c00000, 0x0000000085d00000, 0x0000000085d00000|100%| O|  |TAMS 0x0000000085d00000| PB 0x0000000085c00000| Untracked |  0
|  39|0x0000000085d00000, 0x0000000085e00000, 0x0000000085e00000|100%| O|  |TAMS 0x0000000085e00000| PB 0x0000000085d00000| Untracked |  0
|  40|0x0000000085e00000, 0x0000000085f00000, 0x0000000085f00000|100%| O|  |TAMS 0x0000000085f00000| PB 0x0000000085e00000| Untracked |  0
|  41|0x0000000085f00000, 0x0000000086000000, 0x0000000086000000|100%| O|  |TAMS 0x0000000086000000| PB 0x0000000085f00000| Untracked |  0
|  42|0x0000000086000000, 0x0000000086100000, 0x0000000086100000|100%| O|  |TAMS 0x0000000086100000| PB 0x0000000086000000| Untracked |  0
|  43|0x0000000086100000, 0x0000000086200000, 0x0000000086200000|100%| O|  |TAMS 0x0000000086200000| PB 0x0000000086100000| Untracked |  0
|  44|0x0000000086200000, 0x0000000086300000, 0x0000000086300000|100%| O|  |TAMS 0x0000000086300000| PB 0x0000000086200000| Untracked |  0
|  45|0x0000000086300000, 0x0000000086400000, 0x0000000086400000|100%| O|  |TAMS 0x0000000086400000| PB 0x0000000086300000| Untracked |  0
|  46|0x0000000086400000, 0x0000000086500000, 0x0000000086500000|100%| O|  |TAMS 0x0000000086500000| PB 0x0000000086400000| Untracked |  0
|  47|0x0000000086500000, 0x0000000086600000, 0x0000000086600000|100%| O|  |TAMS 0x0000000086600000| PB 0x0000000086500000| Untracked |  0
|  48|0x0000000086600000, 0x0000000086700000, 0x0000000086700000|100%| O|  |TAMS 0x0000000086700000| PB 0x0000000086600000| Untracked |  0
|  49|0x0000000086700000, 0x0000000086800000, 0x0000000086800000|100%| O|  |TAMS 0x0000000086800000| PB 0x0000000086700000| Untracked |  0
|  50|0x0000000086800000, 0x0000000086900000, 0x0000000086900000|100%| O|  |TAMS 0x0000000086900000| PB 0x0000000086800000| Untracked |  0
|  51|0x0000000086900000, 0x0000000086a00000, 0x0000000086a00000|100%| O|  |TAMS 0x0000000086a00000| PB 0x0000000086900000| Untracked |  0
|  52|0x0000000086a00000, 0x0000000086b00000, 0x0000000086b00000|100%| O|  |TAMS 0x0000000086b00000| PB 0x0000000086a00000| Untracked |  0
|  53|0x0000000086b00000, 0x0000000086c00000, 0x0000000086c00000|100%| O|  |TAMS 0x0000000086c00000| PB 0x0000000086b00000| Untracked |  0
|  54|0x0000000086c00000, 0x0000000086d00000, 0x0000000086d00000|100%| O|  |TAMS 0x0000000086d00000| PB 0x0000000086c00000| Untracked |  0
|  55|0x0000000086d00000, 0x0000000086e00000, 0x0000000086e00000|100%| O|  |TAMS 0x0000000086e00000| PB 0x0000000086d00000| Untracked |  0
|  56|0x0000000086e00000, 0x0000000086e00000, 0x0000000086f00000|  0%| F|  |TAMS 0x0000000086e00000| PB 0x0000000086e00000| Untracked |  0
|  57|0x0000000086f00000, 0x0000000086f00000, 0x0000000087000000|  0%| F|  |TAMS 0x0000000086f00000| PB 0x0000000086f00000| Untracked |  0
|  58|0x0000000087000000, 0x0000000087100000, 0x0000000087100000|100%| O|  |TAMS 0x0000000087100000| PB 0x0000000087000000| Untracked |  0
|  59|0x0000000087100000, 0x0000000087200000, 0x0000000087200000|100%| O|  |TAMS 0x0000000087200000| PB 0x0000000087100000| Untracked |  0
|  60|0x0000000087200000, 0x0000000087300000, 0x0000000087300000|100%| O|  |TAMS 0x0000000087300000| PB 0x0000000087200000| Untracked |  0
|  61|0x0000000087300000, 0x0000000087400000, 0x0000000087400000|100%| O|  |TAMS 0x0000000087400000| PB 0x0000000087300000| Untracked |  0
|  62|0x0000000087400000, 0x0000000087400000, 0x0000000087500000|  0%| F|  |TAMS 0x0000000087400000| PB 0x0000000087400000| Untracked |  0
|  63|0x0000000087500000, 0x0000000087500000, 0x0000000087600000|  0%| F|  |TAMS 0x0000000087500000| PB 0x0000000087500000| Untracked |  0
|  64|0x0000000087600000, 0x0000000087700000, 0x0000000087700000|100%| O|  |TAMS 0x0000000087700000| PB 0x0000000087600000| Untracked |  0
|  65|0x0000000087700000, 0x0000000087800000, 0x0000000087800000|100%| O|  |TAMS 0x0000000087800000| PB 0x0000000087700000| Untracked |  0
|  66|0x0000000087800000, 0x0000000087800000, 0x0000000087900000|  0%| F|  |TAMS 0x0000000087800000| PB 0x0000000087800000| Untracked |  0
|  67|0x0000000087900000, 0x0000000087a00000, 0x0000000087a00000|100%| O|  |TAMS 0x0000000087a00000| PB 0x0000000087900000| Untracked |  0
|  68|0x0000000087a00000, 0x0000000087b00000, 0x0000000087b00000|100%| O|  |TAMS 0x0000000087b00000| PB 0x0000000087a00000| Untracked |  0
|  69|0x0000000087b00000, 0x0000000087b00000, 0x0000000087c00000|  0%| F|  |TAMS 0x0000000087b00000| PB 0x0000000087b00000| Untracked |  0
|  70|0x0000000087c00000, 0x0000000087c00000, 0x0000000087d00000|  0%| F|  |TAMS 0x0000000087c00000| PB 0x0000000087c00000| Untracked |  0
|  71|0x0000000087d00000, 0x0000000087d00000, 0x0000000087e00000|  0%| F|  |TAMS 0x0000000087d00000| PB 0x0000000087d00000| Untracked |  0
|  72|0x0000000087e00000, 0x0000000087e00000, 0x0000000087f00000|  0%| F|  |TAMS 0x0000000087e00000| PB 0x0000000087e00000| Untracked |  0
|  73|0x0000000087f00000, 0x0000000088000000, 0x0000000088000000|100%| O|  |TAMS 0x0000000088000000| PB 0x0000000087f00000| Untracked |  0
|  74|0x0000000088000000, 0x0000000088100000, 0x0000000088100000|100%| O|  |TAMS 0x0000000088100000| PB 0x0000000088000000| Untracked |  0
|  75|0x0000000088100000, 0x0000000088200000, 0x0000000088200000|100%| O|  |TAMS 0x0000000088200000| PB 0x0000000088100000| Untracked |  0
|  76|0x0000000088200000, 0x0000000088300000, 0x0000000088300000|100%| O|  |TAMS 0x0000000088300000| PB 0x0000000088200000| Untracked |  0
|  77|0x0000000088300000, 0x0000000088400000, 0x0000000088400000|100%| O|  |TAMS 0x0000000088400000| PB 0x0000000088300000| Untracked |  0
|  78|0x0000000088400000, 0x0000000088500000, 0x0000000088500000|100%| O|  |TAMS 0x0000000088500000| PB 0x0000000088400000| Untracked |  0
|  79|0x0000000088500000, 0x0000000088600000, 0x0000000088600000|100%| O|  |TAMS 0x0000000088600000| PB 0x0000000088500000| Untracked |  0
|  80|0x0000000088600000, 0x0000000088700000, 0x0000000088700000|100%| O|  |TAMS 0x0000000088700000| PB 0x0000000088600000| Untracked |  0
|  81|0x0000000088700000, 0x0000000088800000, 0x0000000088800000|100%| O|  |TAMS 0x0000000088800000| PB 0x0000000088700000| Untracked |  0
|  82|0x0000000088800000, 0x0000000088900000, 0x0000000088900000|100%| O|  |TAMS 0x0000000088900000| PB 0x0000000088800000| Untracked |  0
|  83|0x0000000088900000, 0x0000000088a00000, 0x0000000088a00000|100%| O|  |TAMS 0x0000000088a00000| PB 0x0000000088900000| Untracked |  0
|  84|0x0000000088a00000, 0x0000000088b00000, 0x0000000088b00000|100%| O|  |TAMS 0x0000000088b00000| PB 0x0000000088a00000| Untracked |  0
|  85|0x0000000088b00000, 0x0000000088c00000, 0x0000000088c00000|100%| O|  |TAMS 0x0000000088c00000| PB 0x0000000088b00000| Untracked |  0
|  86|0x0000000088c00000, 0x0000000088c00000, 0x0000000088d00000|  0%| F|  |TAMS 0x0000000088c00000| PB 0x0000000088c00000| Untracked |  0
|  87|0x0000000088d00000, 0x0000000088d00000, 0x0000000088e00000|  0%| F|  |TAMS 0x0000000088d00000| PB 0x0000000088d00000| Untracked |  0
|  88|0x0000000088e00000, 0x0000000088e00000, 0x0000000088f00000|  0%| F|  |TAMS 0x0000000088e00000| PB 0x0000000088e00000| Untracked |  0
|  89|0x0000000088f00000, 0x0000000088f00000, 0x0000000089000000|  0%| F|  |TAMS 0x0000000088f00000| PB 0x0000000088f00000| Untracked |  0
|  90|0x0000000089000000, 0x0000000089000000, 0x0000000089100000|  0%| F|  |TAMS 0x0000000089000000| PB 0x0000000089000000| Untracked |  0
|  91|0x0000000089100000, 0x0000000089100000, 0x0000000089200000|  0%| F|  |TAMS 0x0000000089100000| PB 0x0000000089100000| Untracked |  0
|  92|0x0000000089200000, 0x0000000089300000, 0x0000000089300000|100%| O|  |TAMS 0x0000000089300000| PB 0x0000000089200000| Untracked |  0
|  93|0x0000000089300000, 0x0000000089400000, 0x0000000089400000|100%| O|  |TAMS 0x0000000089400000| PB 0x0000000089300000| Untracked |  0
|  94|0x0000000089400000, 0x0000000089500000, 0x0000000089500000|100%| O|  |TAMS 0x0000000089500000| PB 0x0000000089400000| Untracked |  0
|  95|0x0000000089500000, 0x0000000089500000, 0x0000000089600000|  0%| F|  |TAMS 0x0000000089500000| PB 0x0000000089500000| Untracked |  0
|  96|0x0000000089600000, 0x0000000089700000, 0x0000000089700000|100%| O|  |TAMS 0x0000000089700000| PB 0x0000000089600000| Untracked |  0
|  97|0x0000000089700000, 0x0000000089800000, 0x0000000089800000|100%| O|  |TAMS 0x0000000089800000| PB 0x0000000089700000| Untracked |  0
|  98|0x0000000089800000, 0x0000000089900000, 0x0000000089900000|100%| O|  |TAMS 0x0000000089900000| PB 0x0000000089800000| Untracked |  0
|  99|0x0000000089900000, 0x0000000089a00000, 0x0000000089a00000|100%| O|  |TAMS 0x0000000089a00000| PB 0x0000000089900000| Untracked |  0
| 100|0x0000000089a00000, 0x0000000089b00000, 0x0000000089b00000|100%| O|  |TAMS 0x0000000089b00000| PB 0x0000000089a00000| Untracked |  0
| 101|0x0000000089b00000, 0x0000000089c00000, 0x0000000089c00000|100%| O|  |TAMS 0x0000000089c00000| PB 0x0000000089b00000| Untracked |  0
| 102|0x0000000089c00000, 0x0000000089d00000, 0x0000000089d00000|100%| O|  |TAMS 0x0000000089d00000| PB 0x0000000089c00000| Untracked |  0
| 103|0x0000000089d00000, 0x0000000089e00000, 0x0000000089e00000|100%| O|  |TAMS 0x0000000089e00000| PB 0x0000000089d00000| Untracked |  0
| 104|0x0000000089e00000, 0x0000000089f00000, 0x0000000089f00000|100%| O|  |TAMS 0x0000000089f00000| PB 0x0000000089e00000| Untracked |  0
| 105|0x0000000089f00000, 0x000000008a000000, 0x000000008a000000|100%| O|  |TAMS 0x000000008a000000| PB 0x0000000089f00000| Untracked |  0
| 106|0x000000008a000000, 0x000000008a100000, 0x000000008a100000|100%| O|  |TAMS 0x000000008a100000| PB 0x000000008a000000| Untracked |  0
| 107|0x000000008a100000, 0x000000008a200000, 0x000000008a200000|100%| O|  |TAMS 0x000000008a200000| PB 0x000000008a100000| Untracked |  0
| 108|0x000000008a200000, 0x000000008a200000, 0x000000008a300000|  0%| F|  |TAMS 0x000000008a200000| PB 0x000000008a200000| Untracked |  0
| 109|0x000000008a300000, 0x000000008a300000, 0x000000008a400000|  0%| F|  |TAMS 0x000000008a300000| PB 0x000000008a300000| Untracked |  0
| 110|0x000000008a400000, 0x000000008a400000, 0x000000008a500000|  0%| F|  |TAMS 0x000000008a400000| PB 0x000000008a400000| Untracked |  0
| 111|0x000000008a500000, 0x000000008a500000, 0x000000008a600000|  0%| F|  |TAMS 0x000000008a500000| PB 0x000000008a500000| Untracked |  0
| 112|0x000000008a600000, 0x000000008a600000, 0x000000008a700000|  0%| F|  |TAMS 0x000000008a600000| PB 0x000000008a600000| Untracked |  0
| 113|0x000000008a700000, 0x000000008a700000, 0x000000008a800000|  0%| F|  |TAMS 0x000000008a700000| PB 0x000000008a700000| Untracked |  0
| 114|0x000000008a800000, 0x000000008a8fa6a0, 0x000000008a900000| 97%| S|CS|TAMS 0x000000008a800000| PB 0x000000008a800000| Complete |  0
| 115|0x000000008a900000, 0x000000008aa00000, 0x000000008aa00000|100%| S|CS|TAMS 0x000000008a900000| PB 0x000000008a900000| Complete |  0
| 116|0x000000008aa00000, 0x000000008ab00000, 0x000000008ab00000|100%| S|CS|TAMS 0x000000008aa00000| PB 0x000000008aa00000| Complete |  0
| 117|0x000000008ab00000, 0x000000008ac00000, 0x000000008ac00000|100%| S|CS|TAMS 0x000000008ab00000| PB 0x000000008ab00000| Complete |  0
| 118|0x000000008ac00000, 0x000000008ac00000, 0x000000008ad00000|  0%| F|  |TAMS 0x000000008ac00000| PB 0x000000008ac00000| Untracked |  0
| 119|0x000000008ad00000, 0x000000008ad00000, 0x000000008ae00000|  0%| F|  |TAMS 0x000000008ad00000| PB 0x000000008ad00000| Untracked |  0
| 120|0x000000008ae00000, 0x000000008ae00000, 0x000000008af00000|  0%| F|  |TAMS 0x000000008ae00000| PB 0x000000008ae00000| Untracked |  0
| 121|0x000000008af00000, 0x000000008b000000, 0x000000008b000000|100%| S|CS|TAMS 0x000000008af00000| PB 0x000000008af00000| Complete |  0
| 122|0x000000008b000000, 0x000000008b000000, 0x000000008b100000|  0%| F|  |TAMS 0x000000008b000000| PB 0x000000008b000000| Untracked |  0
| 123|0x000000008b100000, 0x000000008b100000, 0x000000008b200000|  0%| F|  |TAMS 0x000000008b100000| PB 0x000000008b100000| Untracked |  0
| 124|0x000000008b200000, 0x000000008b200000, 0x000000008b300000|  0%| F|  |TAMS 0x000000008b200000| PB 0x000000008b200000| Untracked |  0
| 125|0x000000008b300000, 0x000000008b300000, 0x000000008b400000|  0%| F|  |TAMS 0x000000008b300000| PB 0x000000008b300000| Untracked |  0
| 126|0x000000008b400000, 0x000000008b400000, 0x000000008b500000|  0%| F|  |TAMS 0x000000008b400000| PB 0x000000008b400000| Untracked |  0
| 127|0x000000008b500000, 0x000000008b500000, 0x000000008b600000|  0%| F|  |TAMS 0x000000008b500000| PB 0x000000008b500000| Untracked |  0
| 128|0x000000008b600000, 0x000000008b600000, 0x000000008b700000|  0%| F|  |TAMS 0x000000008b600000| PB 0x000000008b600000| Untracked |  0
| 129|0x000000008b700000, 0x000000008b700000, 0x000000008b800000|  0%| F|  |TAMS 0x000000008b700000| PB 0x000000008b700000| Untracked |  0
| 130|0x000000008b800000, 0x000000008b800000, 0x000000008b900000|  0%| F|  |TAMS 0x000000008b800000| PB 0x000000008b800000| Untracked |  0
| 131|0x000000008b900000, 0x000000008b900000, 0x000000008ba00000|  0%| F|  |TAMS 0x000000008b900000| PB 0x000000008b900000| Untracked |  0
| 132|0x000000008ba00000, 0x000000008ba00000, 0x000000008bb00000|  0%| F|  |TAMS 0x000000008ba00000| PB 0x000000008ba00000| Untracked |  0
| 133|0x000000008bb00000, 0x000000008bb00000, 0x000000008bc00000|  0%| F|  |TAMS 0x000000008bb00000| PB 0x000000008bb00000| Untracked |  0
| 134|0x000000008bc00000, 0x000000008bc00000, 0x000000008bd00000|  0%| F|  |TAMS 0x000000008bc00000| PB 0x000000008bc00000| Untracked |  0
| 135|0x000000008bd00000, 0x000000008bd00000, 0x000000008be00000|  0%| F|  |TAMS 0x000000008bd00000| PB 0x000000008bd00000| Untracked |  0
| 136|0x000000008be00000, 0x000000008be00000, 0x000000008bf00000|  0%| F|  |TAMS 0x000000008be00000| PB 0x000000008be00000| Untracked |  0
| 137|0x000000008bf00000, 0x000000008bf00000, 0x000000008c000000|  0%| F|  |TAMS 0x000000008bf00000| PB 0x000000008bf00000| Untracked |  0
| 138|0x000000008c000000, 0x000000008c000000, 0x000000008c100000|  0%| F|  |TAMS 0x000000008c000000| PB 0x000000008c000000| Untracked |  0
| 139|0x000000008c100000, 0x000000008c100000, 0x000000008c200000|  0%| F|  |TAMS 0x000000008c100000| PB 0x000000008c100000| Untracked |  0
| 140|0x000000008c200000, 0x000000008c200000, 0x000000008c300000|  0%| F|  |TAMS 0x000000008c200000| PB 0x000000008c200000| Untracked |  0
| 141|0x000000008c300000, 0x000000008c300000, 0x000000008c400000|  0%| F|  |TAMS 0x000000008c300000| PB 0x000000008c300000| Untracked |  0
| 142|0x000000008c400000, 0x000000008c400000, 0x000000008c500000|  0%| F|  |TAMS 0x000000008c400000| PB 0x000000008c400000| Untracked |  0
| 143|0x000000008c500000, 0x000000008c500000, 0x000000008c600000|  0%| F|  |TAMS 0x000000008c500000| PB 0x000000008c500000| Untracked |  0
| 144|0x000000008c600000, 0x000000008c600000, 0x000000008c700000|  0%| F|  |TAMS 0x000000008c600000| PB 0x000000008c600000| Untracked |  0
| 145|0x000000008c700000, 0x000000008c700000, 0x000000008c800000|  0%| F|  |TAMS 0x000000008c700000| PB 0x000000008c700000| Untracked |  0
| 146|0x000000008c800000, 0x000000008c800000, 0x000000008c900000|  0%| F|  |TAMS 0x000000008c800000| PB 0x000000008c800000| Untracked |  0
| 147|0x000000008c900000, 0x000000008c900000, 0x000000008ca00000|  0%| F|  |TAMS 0x000000008c900000| PB 0x000000008c900000| Untracked |  0
| 148|0x000000008ca00000, 0x000000008ca00000, 0x000000008cb00000|  0%| F|  |TAMS 0x000000008ca00000| PB 0x000000008ca00000| Untracked |  0
| 149|0x000000008cb00000, 0x000000008cb00000, 0x000000008cc00000|  0%| F|  |TAMS 0x000000008cb00000| PB 0x000000008cb00000| Untracked |  0
| 150|0x000000008cc00000, 0x000000008cc00000, 0x000000008cd00000|  0%| F|  |TAMS 0x000000008cc00000| PB 0x000000008cc00000| Untracked |  0
| 151|0x000000008cd00000, 0x000000008cd00000, 0x000000008ce00000|  0%| F|  |TAMS 0x000000008cd00000| PB 0x000000008cd00000| Untracked |  0
| 152|0x000000008ce00000, 0x000000008ce00000, 0x000000008cf00000|  0%| F|  |TAMS 0x000000008ce00000| PB 0x000000008ce00000| Untracked |  0
| 153|0x000000008cf00000, 0x000000008cf00000, 0x000000008d000000|  0%| F|  |TAMS 0x000000008cf00000| PB 0x000000008cf00000| Untracked |  0
| 154|0x000000008d000000, 0x000000008d000000, 0x000000008d100000|  0%| F|  |TAMS 0x000000008d000000| PB 0x000000008d000000| Untracked |  0
| 155|0x000000008d100000, 0x000000008d100000, 0x000000008d200000|  0%| F|  |TAMS 0x000000008d100000| PB 0x000000008d100000| Untracked |  0
| 156|0x000000008d200000, 0x000000008d200000, 0x000000008d300000|  0%| F|  |TAMS 0x000000008d200000| PB 0x000000008d200000| Untracked |  0
| 157|0x000000008d300000, 0x000000008d300000, 0x000000008d400000|  0%| F|  |TAMS 0x000000008d300000| PB 0x000000008d300000| Untracked |  0
| 158|0x000000008d400000, 0x000000008d400000, 0x000000008d500000|  0%| F|  |TAMS 0x000000008d400000| PB 0x000000008d400000| Untracked |  0
| 159|0x000000008d500000, 0x000000008d500000, 0x000000008d600000|  0%| F|  |TAMS 0x000000008d500000| PB 0x000000008d500000| Untracked |  0
| 160|0x000000008d600000, 0x000000008d600000, 0x000000008d700000|  0%| F|  |TAMS 0x000000008d600000| PB 0x000000008d600000| Untracked |  0
| 161|0x000000008d700000, 0x000000008d700000, 0x000000008d800000|  0%| F|  |TAMS 0x000000008d700000| PB 0x000000008d700000| Untracked |  0
| 162|0x000000008d800000, 0x000000008d800000, 0x000000008d900000|  0%| F|  |TAMS 0x000000008d800000| PB 0x000000008d800000| Untracked |  0
| 163|0x000000008d900000, 0x000000008d900000, 0x000000008da00000|  0%| F|  |TAMS 0x000000008d900000| PB 0x000000008d900000| Untracked |  0
| 164|0x000000008da00000, 0x000000008da00000, 0x000000008db00000|  0%| F|  |TAMS 0x000000008da00000| PB 0x000000008da00000| Untracked |  0
| 165|0x000000008db00000, 0x000000008db00000, 0x000000008dc00000|  0%| F|  |TAMS 0x000000008db00000| PB 0x000000008db00000| Untracked |  0
| 166|0x000000008dc00000, 0x000000008dc00000, 0x000000008dd00000|  0%| F|  |TAMS 0x000000008dc00000| PB 0x000000008dc00000| Untracked |  0
| 167|0x000000008dd00000, 0x000000008dd00000, 0x000000008de00000|  0%| F|  |TAMS 0x000000008dd00000| PB 0x000000008dd00000| Untracked |  0
| 168|0x000000008de00000, 0x000000008de00000, 0x000000008df00000|  0%| F|  |TAMS 0x000000008de00000| PB 0x000000008de00000| Untracked |  0
| 169|0x000000008df00000, 0x000000008df00000, 0x000000008e000000|  0%| F|  |TAMS 0x000000008df00000| PB 0x000000008df00000| Untracked |  0
|1985|0x00000000ff700000, 0x00000000ff700000, 0x00000000ff800000|  0%| F|  |TAMS 0x00000000ff700000| PB 0x00000000ff700000| Untracked |  0
|1986|0x00000000ff800000, 0x00000000ff800000, 0x00000000ff900000|  0%| F|  |TAMS 0x00000000ff800000| PB 0x00000000ff800000| Untracked |  0
|1987|0x00000000ff900000, 0x00000000ff900000, 0x00000000ffa00000|  0%| F|  |TAMS 0x00000000ff900000| PB 0x00000000ff900000| Untracked |  0
|1988|0x00000000ffa00000, 0x00000000ffa00000, 0x00000000ffb00000|  0%| F|  |TAMS 0x00000000ffa00000| PB 0x00000000ffa00000| Untracked |  0
|1989|0x00000000ffb00000, 0x00000000ffb00000, 0x00000000ffc00000|  0%| F|  |TAMS 0x00000000ffb00000| PB 0x00000000ffb00000| Untracked |  0
|1990|0x00000000ffc00000, 0x00000000ffc00000, 0x00000000ffd00000|  0%| F|  |TAMS 0x00000000ffc00000| PB 0x00000000ffc00000| Untracked |  0
|1991|0x00000000ffd00000, 0x00000000ffd00000, 0x00000000ffe00000|  0%| F|  |TAMS 0x00000000ffd00000| PB 0x00000000ffd00000| Untracked |  0
|1992|0x00000000ffe00000, 0x00000000fff00000, 0x00000000fff00000|100%| O|  |TAMS 0x00000000fff00000| PB 0x00000000ffe00000| Untracked |  0
|1993|0x00000000fff00000, 0x00000000fff00000, 0x0000000100000000|  0%| F|  |TAMS 0x00000000fff00000| PB 0x00000000fff00000| Untracked |  0

Card table byte_map: [0x000001b1691f0000,0x000001b1695e0000] _byte_map_base: 0x000001b168dd5000

Marking Bits: (CMBitMap*) 0x000001b15137a7f0
 Bits: [0x000001b1695e0000, 0x000001b16b508000)

Polling page: 0x000001b14f0e0000

Metaspace:
Metaspace        used 84789K, committed 85376K, reserved 1179648K
 class space     used 12723K, committed 12992K, reserved 1048576K

Usage:
  Non-class:     70.38 MB used.
      Class:     12.43 MB used.
       Both:     82.80 MB used.

Virtual space:
  Non-class space:      128.00 MB reserved,      70.69 MB ( 55%) committed,  2 nodes.
      Class space:        1.00 GB reserved,      12.69 MB (  1%) committed,  1 nodes.
             Both:        1.12 GB reserved,      83.38 MB (  7%) committed. 

Chunk freelists:
   Non-Class:  9.26 MB
       Class:  3.28 MB
        Both:  12.55 MB

MaxMetaspaceSize: unlimited
CompressedClassSpaceSize: 1.00 GB
Initial GC threshold: 21.00 MB
Current GC threshold: 136.25 MB
CDS: on
 - commit_granule_bytes: 65536.
 - commit_granule_words: 8192.
 - virtual_space_node_default_size: 8388608.
 - enlarge_chunks_in_place: 1.
UseCompressedClassPointers 1, UseCompactObjectHeaders 0
Narrow klass pointer bits 32, Max shift 3
Narrow klass base: 0x000000001b000000, Narrow klass shift: 0
Encoding Range: [0x000000001b000000 - 0x000000011b000000), (4294967296 bytes)
Klass Range:    [0x000000001b010000 - 0x000000005c000000), (1090453504 bytes)
Klass ID Range:  [65536 - 1090519033) (1090453497)
Protection zone: [0x000000001b000000 - 0x000000001b010000), (65536 bytes)


Internal statistics:

num_allocs_failed_limit: 3.
num_arena_births: 744.
num_arena_deaths: 0.
num_vsnodes_births: 3.
num_vsnodes_deaths: 0.
num_space_committed: 1334.
num_space_uncommitted: 0.
num_chunks_returned_to_freelist: 3.
num_chunks_taken_from_freelist: 3776.
num_chunk_merges: 3.
num_chunk_splits: 2845.
num_chunks_enlarged: 2400.
num_inconsistent_stats: 0.

CodeHeap 'non-profiled nmethods': size=120064Kb used=4244Kb max_used=4244Kb free=115819Kb
 bounds [0x000001b1618c0000, 0x000001b161cf0000, 0x000001b168e00000]
CodeHeap 'profiled nmethods': size=120000Kb used=12284Kb max_used=12284Kb free=107715Kb
 bounds [0x000001b159e00000, 0x000001b15aa00000, 0x000001b161330000]
CodeHeap 'non-nmethods': size=5696Kb used=1832Kb max_used=1932Kb free=3863Kb
 bounds [0x000001b161330000, 0x000001b1615a0000, 0x000001b1618c0000]
CodeCache: size=245760Kb, used=18360Kb, max_used=18460Kb, free=227397Kb
 total_blobs=9434, nmethods=8669, adapters=667, full_count=0
Compilation: enabled, stopped_count=0, restarted_count=0

Compilation events (20 events):
Event: 34.667 Thread 0x000001b16d9a85a0 10598       4       java.util.regex.Pattern$SliceI::match (96 bytes)
Event: 34.667 Thread 0x000001b16d9b15d0 nmethod 10603 0x000001b161ce3108 code [0x000001b161ce3200, 0x000001b161ce32c8]
Event: 34.667 Thread 0x000001b16d9b15d0 10604       1       org.springframework.data.jpa.repository.query.ParameterBinding$Named::name (5 bytes)
Event: 34.667 Thread 0x000001b16d9b15d0 nmethod 10604 0x000001b161ce3408 code [0x000001b161ce3500, 0x000001b161ce35c8]
Event: 34.667 Thread 0x000001b16d9b15d0 10605       1       org.springframework.data.repository.query.parser.Part$Type::getNumberOfArguments (5 bytes)
Event: 34.667 Thread 0x000001b16d9b15d0 nmethod 10605 0x000001b161ce3708 code [0x000001b161ce3800, 0x000001b161ce38c8]
Event: 34.668 Thread 0x000001b1731b2f30 nmethod 10585 0x000001b161ce3a08 code [0x000001b161ce3b00, 0x000001b161ce42a8]
Event: 34.668 Thread 0x000001b1731b2f30 10601       4       java.util.regex.Pattern$$Lambda/0x80000002f::is (9 bytes)
Event: 34.668 Thread 0x000001b1731b2f30 nmethod 10601 0x000001b161ce4308 code [0x000001b161ce4400, 0x000001b161ce44a0]
Event: 34.671 Thread 0x000001b16d9a85a0 nmethod 10598 0x000001b161ce4608 code [0x000001b161ce4700, 0x000001b161ce4a38]
Event: 34.675 Thread 0x000001b16d9b15d0 10606       3       java.util.ArrayList::equals (62 bytes)
Event: 34.675 Thread 0x000001b16d9a85a0 10607       4       org.antlr.v4.runtime.atn.LexerATNConfig::hashCode (80 bytes)
Event: 34.675 Thread 0x000001b16d9b15d0 nmethod 10606 0x000001b15a9fde08 code [0x000001b15a9fdf00, 0x000001b15a9fe6b8]
Event: 34.675 Thread 0x000001b16d9b15d0 10608       3       org.antlr.v4.runtime.dfa.DFAState::equals (35 bytes)
Event: 34.676 Thread 0x000001b16d9b15d0 nmethod 10608 0x000001b15a9fe708 code [0x000001b15a9fe800, 0x000001b15a9fec18]
Event: 34.676 Thread 0x000001b16d9b15d0 10609       3       org.antlr.v4.runtime.atn.ATNConfigSet::equals (105 bytes)
Event: 34.676 Thread 0x000001b16d9b15d0 nmethod 10609 0x000001b15a9fec88 code [0x000001b15a9fed80, 0x000001b15a9ff318]
Event: 34.678 Thread 0x000001b16d9a85a0 nmethod 10607 0x000001b161ce4a88 code [0x000001b161ce4b80, 0x000001b161ce4e08]
Event: 34.681 Thread 0x000001b16d9a85a0 10610       4       org.antlr.v4.runtime.atn.ParserATNSimulator::actionTransition (60 bytes)
Event: 34.683 Thread 0x000001b16d9a85a0 nmethod 10610 0x000001b161ce4e88 code [0x000001b161ce4f80, 0x000001b161ce5100]

GC Heap Usage History (20 events):
Event: 30.288 {heap After GC invocations=26 (full 0):
 garbage-first heap   total reserved 2041856K, committed 92160K, used 55769K [0x0000000083600000, 0x0000000100000000)
  region size 1024K, 4 young (4096K), 4 survivors (4096K)
}
Event: 30.370 {heap Before GC invocations=26 (full 0):
 garbage-first heap   total reserved 2041856K, committed 92160K, used 82393K [0x0000000083600000, 0x0000000100000000)
  region size 1024K, 30 young (30720K), 4 survivors (4096K)
}
Event: 30.377 {heap After GC invocations=27 (full 0):
 garbage-first heap   total reserved 2041856K, committed 92160K, used 53254K [0x0000000083600000, 0x0000000100000000)
  region size 1024K, 2 young (2048K), 2 survivors (2048K)
}
Event: 30.463 {heap Before GC invocations=27 (full 0):
 garbage-first heap   total reserved 2041856K, committed 92160K, used 82950K [0x0000000083600000, 0x0000000100000000)
  region size 1024K, 31 young (31744K), 2 survivors (2048K)
}
Event: 30.477 {heap After GC invocations=28 (full 0):
 garbage-first heap   total reserved 2041856K, committed 93184K, used 61168K [0x0000000083600000, 0x0000000100000000)
  region size 1024K, 4 young (4096K), 4 survivors (4096K)
}
Event: 30.536 {heap Before GC invocations=28 (full 0):
 garbage-first heap   total reserved 2041856K, committed 93184K, used 80624K [0x0000000083600000, 0x0000000100000000)
  region size 1024K, 23 young (23552K), 4 survivors (4096K)
}
Event: 30.554 {heap After GC invocations=29 (full 0):
 garbage-first heap   total reserved 2041856K, committed 177152K, used 68352K [0x0000000083600000, 0x0000000100000000)
  region size 1024K, 3 young (3072K), 3 survivors (3072K)
}
Event: 30.963 {heap Before GC invocations=30 (full 0):
 garbage-first heap   total reserved 2041856K, committed 177152K, used 156416K [0x0000000083600000, 0x0000000100000000)
  region size 1024K, 88 young (90112K), 3 survivors (3072K)
}
Event: 30.987 {heap After GC invocations=31 (full 0):
 garbage-first heap   total reserved 2041856K, committed 183296K, used 93184K [0x0000000083600000, 0x0000000100000000)
  region size 1024K, 11 young (11264K), 11 survivors (11264K)
}
Event: 32.632 {heap Before GC invocations=31 (full 0):
 garbage-first heap   total reserved 2041856K, committed 183296K, used 153600K [0x0000000083600000, 0x0000000100000000)
  region size 1024K, 70 young (71680K), 11 survivors (11264K)
}
Event: 32.650 {heap After GC invocations=32 (full 0):
 garbage-first heap   total reserved 2041856K, committed 183296K, used 101325K [0x0000000083600000, 0x0000000100000000)
  region size 1024K, 8 young (8192K), 8 survivors (8192K)
}
Event: 33.158 {heap Before GC invocations=32 (full 0):
 garbage-first heap   total reserved 2041856K, committed 183296K, used 155597K [0x0000000083600000, 0x0000000100000000)
  region size 1024K, 62 young (63488K), 8 survivors (8192K)
}
Event: 33.167 {heap After GC invocations=33 (full 0):
 garbage-first heap   total reserved 2041856K, committed 183296K, used 104960K [0x0000000083600000, 0x0000000100000000)
  region size 1024K, 7 young (7168K), 7 survivors (7168K)
}
Event: 33.353 {heap Before GC invocations=34 (full 0):
 garbage-first heap   total reserved 2041856K, committed 183296K, used 147968K [0x0000000083600000, 0x0000000100000000)
  region size 1024K, 60 young (61440K), 7 survivors (7168K)
}
Event: 33.373 {heap After GC invocations=35 (full 0):
 garbage-first heap   total reserved 2041856K, committed 183296K, used 111610K [0x0000000083600000, 0x0000000100000000)
  region size 1024K, 8 young (8192K), 8 survivors (8192K)
}
Event: 33.475 {heap Before GC invocations=35 (full 0):
 garbage-first heap   total reserved 2041856K, committed 183296K, used 155642K [0x0000000083600000, 0x0000000100000000)
  region size 1024K, 51 young (52224K), 8 survivors (8192K)
}
Event: 33.489 {heap After GC invocations=36 (full 0):
 garbage-first heap   total reserved 2041856K, committed 183296K, used 99205K [0x0000000083600000, 0x0000000100000000)
  region size 1024K, 6 young (6144K), 6 survivors (6144K)
}
Event: 33.624 {heap Before GC invocations=36 (full 0):
 garbage-first heap   total reserved 2041856K, committed 183296K, used 151429K [0x0000000083600000, 0x0000000100000000)
  region size 1024K, 57 young (58368K), 6 survivors (6144K)
}
Event: 33.632 {heap After GC invocations=37 (full 0):
 garbage-first heap   total reserved 2041856K, committed 183296K, used 97835K [0x0000000083600000, 0x0000000100000000)
  region size 1024K, 3 young (3072K), 3 survivors (3072K)
}
Event: 34.685 {heap Before GC invocations=37 (full 0):
 garbage-first heap   total reserved 2041856K, committed 183296K, used 155179K [0x0000000083600000, 0x0000000100000000)
  region size 1024K, 59 young (60416K), 3 survivors (3072K)
}

Metaspace Usage History (20 events):
Event: 30.288 {metaspace After GC invocations=26 (full 0):
 Metaspace       used 78407K, committed 78976K, reserved 1179648K
  class space    used 11437K, committed 11712K, reserved 1048576K
}
Event: 30.370 {metaspace Before GC invocations=26 (full 0):
 Metaspace       used 78407K, committed 78976K, reserved 1179648K
  class space    used 11437K, committed 11712K, reserved 1048576K
}
Event: 30.377 {metaspace After GC invocations=27 (full 0):
 Metaspace       used 78407K, committed 78976K, reserved 1179648K
  class space    used 11437K, committed 11712K, reserved 1048576K
}
Event: 30.463 {metaspace Before GC invocations=27 (full 0):
 Metaspace       used 78407K, committed 78976K, reserved 1179648K
  class space    used 11437K, committed 11712K, reserved 1048576K
}
Event: 30.477 {metaspace After GC invocations=28 (full 0):
 Metaspace       used 78407K, committed 78976K, reserved 1179648K
  class space    used 11437K, committed 11712K, reserved 1048576K
}
Event: 30.536 {metaspace Before GC invocations=28 (full 0):
 Metaspace       used 78407K, committed 78976K, reserved 1179648K
  class space    used 11437K, committed 11712K, reserved 1048576K
}
Event: 30.554 {metaspace After GC invocations=29 (full 0):
 Metaspace       used 78407K, committed 78976K, reserved 1179648K
  class space    used 11437K, committed 11712K, reserved 1048576K
}
Event: 30.963 {metaspace Before GC invocations=30 (full 0):
 Metaspace       used 78407K, committed 78976K, reserved 1179648K
  class space    used 11437K, committed 11712K, reserved 1048576K
}
Event: 30.987 {metaspace After GC invocations=31 (full 0):
 Metaspace       used 78407K, committed 78976K, reserved 1179648K
  class space    used 11437K, committed 11712K, reserved 1048576K
}
Event: 32.632 {metaspace Before GC invocations=31 (full 0):
 Metaspace       used 80398K, committed 80960K, reserved 1179648K
  class space    used 11881K, committed 12160K, reserved 1048576K
}
Event: 32.650 {metaspace After GC invocations=32 (full 0):
 Metaspace       used 80398K, committed 80960K, reserved 1179648K
  class space    used 11881K, committed 12160K, reserved 1048576K
}
Event: 33.158 {metaspace Before GC invocations=32 (full 0):
 Metaspace       used 83149K, committed 83712K, reserved 1179648K
  class space    used 12476K, committed 12736K, reserved 1048576K
}
Event: 33.167 {metaspace After GC invocations=33 (full 0):
 Metaspace       used 83149K, committed 83712K, reserved 1179648K
  class space    used 12476K, committed 12736K, reserved 1048576K
}
Event: 33.353 {metaspace Before GC invocations=34 (full 0):
 Metaspace       used 83149K, committed 83712K, reserved 1179648K
  class space    used 12476K, committed 12736K, reserved 1048576K
}
Event: 33.373 {metaspace After GC invocations=35 (full 0):
 Metaspace       used 83149K, committed 83712K, reserved 1179648K
  class space    used 12476K, committed 12736K, reserved 1048576K
}
Event: 33.475 {metaspace Before GC invocations=35 (full 0):
 Metaspace       used 83200K, committed 83840K, reserved 1179648K
  class space    used 12510K, committed 12800K, reserved 1048576K
}
Event: 33.489 {metaspace After GC invocations=36 (full 0):
 Metaspace       used 83200K, committed 83840K, reserved 1179648K
  class space    used 12510K, committed 12800K, reserved 1048576K
}
Event: 33.624 {metaspace Before GC invocations=36 (full 0):
 Metaspace       used 83200K, committed 83840K, reserved 1179648K
  class space    used 12510K, committed 12800K, reserved 1048576K
}
Event: 33.632 {metaspace After GC invocations=37 (full 0):
 Metaspace       used 83200K, committed 83840K, reserved 1179648K
  class space    used 12510K, committed 12800K, reserved 1048576K
}
Event: 34.685 {metaspace Before GC invocations=37 (full 0):
 Metaspace       used 84789K, committed 85376K, reserved 1179648K
  class space    used 12723K, committed 12992K, reserved 1048576K
}

Dll operation events (9 events):
Event: 0.017 Loaded shared library C:\Program Files\Eclipse Adoptium\jdk-25.0.2.10-hotspot\bin\java.dll
Event: 0.058 Loaded shared library C:\Program Files\Eclipse Adoptium\jdk-25.0.2.10-hotspot\bin\net.dll
Event: 0.063 Loaded shared library C:\Program Files\Eclipse Adoptium\jdk-25.0.2.10-hotspot\bin\nio.dll
Event: 0.067 Loaded shared library C:\Program Files\Eclipse Adoptium\jdk-25.0.2.10-hotspot\bin\zip.dll
Event: 0.138 Loaded shared library C:\Program Files\Eclipse Adoptium\jdk-25.0.2.10-hotspot\bin\management.dll
Event: 0.145 Loaded shared library C:\Program Files\Eclipse Adoptium\jdk-25.0.2.10-hotspot\bin\management_ext.dll
Event: 0.181 Loaded shared library C:\Program Files\Eclipse Adoptium\jdk-25.0.2.10-hotspot\bin\jimage.dll
Event: 7.637 Loaded shared library C:\Program Files\Eclipse Adoptium\jdk-25.0.2.10-hotspot\bin\sunmscapi.dll
Event: 20.647 Loaded shared library C:\Program Files\Eclipse Adoptium\jdk-25.0.2.10-hotspot\bin\extnet.dll

Deoptimization events (20 events):
Event: 34.273 Thread 0x000001b14efbece0 DEOPT PACKING pc=0x000001b15a9cc11e sp=0x0000008fe19fa3a0
Event: 34.273 Thread 0x000001b14efbece0 DEOPT UNPACKING pc=0x000001b1613812a2 sp=0x0000008fe19f9880 mode 0
Event: 34.274 Thread 0x000001b14efbece0 DEOPT PACKING pc=0x000001b15a9cc11e sp=0x0000008fe19fa3a0
Event: 34.274 Thread 0x000001b14efbece0 DEOPT UNPACKING pc=0x000001b1613812a2 sp=0x0000008fe19f9880 mode 0
Event: 34.274 Thread 0x000001b14efbece0 DEOPT PACKING pc=0x000001b15a9cc11e sp=0x0000008fe19fa3a0
Event: 34.274 Thread 0x000001b14efbece0 DEOPT UNPACKING pc=0x000001b1613812a2 sp=0x0000008fe19f9880 mode 0
Event: 34.275 Thread 0x000001b14efbece0 DEOPT PACKING pc=0x000001b15a9cc11e sp=0x0000008fe19fa3a0
Event: 34.275 Thread 0x000001b14efbece0 DEOPT UNPACKING pc=0x000001b1613812a2 sp=0x0000008fe19f9880 mode 0
Event: 34.276 Thread 0x000001b14efbece0 DEOPT PACKING pc=0x000001b15a9cc11e sp=0x0000008fe19fa3a0
Event: 34.276 Thread 0x000001b14efbece0 DEOPT UNPACKING pc=0x000001b1613812a2 sp=0x0000008fe19f9880 mode 0
Event: 34.277 Thread 0x000001b14efbece0 DEOPT PACKING pc=0x000001b15a9cc11e sp=0x0000008fe19fa3a0
Event: 34.277 Thread 0x000001b14efbece0 DEOPT UNPACKING pc=0x000001b1613812a2 sp=0x0000008fe19f9880 mode 0
Event: 34.278 Thread 0x000001b14efbece0 DEOPT PACKING pc=0x000001b15a9cc11e sp=0x0000008fe19fa3a0
Event: 34.278 Thread 0x000001b14efbece0 DEOPT UNPACKING pc=0x000001b1613812a2 sp=0x0000008fe19f9880 mode 0
Event: 34.278 Thread 0x000001b14efbece0 DEOPT PACKING pc=0x000001b15a9cc11e sp=0x0000008fe19fa3a0
Event: 34.279 Thread 0x000001b14efbece0 DEOPT UNPACKING pc=0x000001b1613812a2 sp=0x0000008fe19f9880 mode 0
Event: 34.591 Thread 0x000001b14efbece0 Uncommon trap: trap_request=0xffffffbe fr.pc=0x000001b161ccfa4c relative=0x00000000000001cc
Event: 34.591 Thread 0x000001b14efbece0 Uncommon trap: reason=profile_predicate action=maybe_recompile pc=0x000001b161ccfa4c method=java.util.HashMap.keysToArray([Ljava/lang/Object;)[Ljava/lang/Object; @ 36 c2
Event: 34.591 Thread 0x000001b14efbece0 DEOPT PACKING pc=0x000001b161ccfa4c sp=0x0000008fe19f9dd0
Event: 34.591 Thread 0x000001b14efbece0 DEOPT UNPACKING pc=0x000001b16145f482 sp=0x0000008fe19f9d60 mode 2

Classes loaded (20 events):
Event: 34.130 Loading class javax/security/auth/DestroyFailedException
Event: 34.130 Loading class javax/security/auth/DestroyFailedException done
Event: 34.159 Loading class java/security/UnrecoverableKeyException
Event: 34.159 Loading class java/security/UnrecoverableEntryException
Event: 34.159 Loading class java/security/UnrecoverableEntryException done
Event: 34.159 Loading class java/security/UnrecoverableKeyException done
Event: 34.162 Loading class java/security/cert/X509Certificate
Event: 34.163 Loading class java/security/cert/X509Extension
Event: 34.163 Loading class java/security/cert/X509Extension done
Event: 34.163 Loading class java/security/cert/X509Certificate done
Event: 34.168 Loading class java/security/interfaces/ECPublicKey
Event: 34.168 Loading class java/security/interfaces/ECKey
Event: 34.168 Loading class java/security/interfaces/ECKey done
Event: 34.168 Loading class java/security/interfaces/ECPublicKey done
Event: 34.168 Loading class java/security/interfaces/ECPrivateKey
Event: 34.168 Loading class java/security/interfaces/ECPrivateKey done
Event: 34.188 Loading class java/lang/invoke/BoundMethodHandle$Species_LLLLLLLL
Event: 34.188 Loading class java/lang/invoke/BoundMethodHandle$Species_LLLLLLLL done
Event: 34.190 Loading class java/lang/invoke/BoundMethodHandle$Species_LLLLLLLLL
Event: 34.190 Loading class java/lang/invoke/BoundMethodHandle$Species_LLLLLLLLL done

Classes unloaded (0 events):
No events

Classes redefined (0 events):
No events

Internal exceptions (20 events):
Event: 28.639 Thread 0x000001b14efbece0 Exception <a 'java/lang/NoSuchMethodError'{0x0000000086ce2a90}: 'void java.lang.invoke.DirectMethodHandle$Holder.invokeInterface(java.lang.Object, java.lang.Object, int, java.lang.Object)'> (0x0000000086ce2a90) 
thrown [s\src\hotspot\share\interpreter\linkResolver.cpp, line 804]
Event: 28.645 Thread 0x000001b14efbece0 Exception <a 'java/lang/NoSuchMethodError'{0x0000000086b254d0}: 'java.lang.Object java.lang.invoke.DirectMethodHandle$Holder.newInvokeSpecial(java.lang.Object, java.lang.Object, int, java.lang.Object)'> (0x0000000086b254d0) 
thrown [s\src\hotspot\share\interpreter\linkResolver.cpp, line 804]
Event: 28.677 Thread 0x000001b14efbece0 Exception <a 'java/lang/NoSuchMethodError'{0x00000000fff13440}: 'void java.lang.invoke.DirectMethodHandle$Holder.invokeSpecial(java.lang.Object, java.lang.Object, java.lang.Object, java.lang.Object, java.lang.Object, java.lang.Object, java.lang.Object, java.lang.Object)'> (0x00000000fff13440) 
thrown [s\src\hotspot\share\interpreter\linkResolver.cpp, line 804]
Event: 28.682 Thread 0x000001b14efbece0 Exception <a 'java/lang/NoSuchMethodError'{0x00000000fff59df8}: 'void java.lang.invoke.DirectMethodHandle$Holder.invokeSpecial(java.lang.Object, java.lang.Object, int, java.lang.Object)'> (0x00000000fff59df8) 
thrown [s\src\hotspot\share\interpreter\linkResolver.cpp, line 804]
Event: 28.716 Thread 0x000001b14efbece0 Exception <a 'java/lang/NoSuchMethodError'{0x000000008b3dc7c0}: 'int java.lang.invoke.DirectMethodHandle$Holder.invokeStatic(java.lang.Object, int, java.lang.Object)'> (0x000000008b3dc7c0) 
thrown [s\src\hotspot\share\interpreter\linkResolver.cpp, line 804]
Event: 28.722 Thread 0x000001b14efbece0 Exception <a 'java/lang/NoSuchMethodError'{0x0000000088953b50}: 'java.lang.Object java.lang.invoke.DirectMethodHandle$Holder.newInvokeSpecial(java.lang.Object, java.lang.Object, java.lang.Object, java.lang.Object, java.lang.Object, java.lang.Object, java.lang.Object, java.lang.Object, java.lang.Object, java.lang.Object, java.lang.Object, java.lang.Object)'> (0x0000000088953b50) 
thrown [s\src\hotspot\share\interpreter\linkResolver.cpp, line 804]
Event: 28.723 Thread 0x000001b14efbece0 Exception <a 'java/lang/NoSuchMethodError'{0x000000008895dfe8}: 'java.lang.Object java.lang.invoke.Invokers$Holder.linkToTargetMethod(java.lang.Object, java.lang.Object, java.lang.Object, java.lang.Object, java.lang.Object, java.lang.Object, java.lang.Object, java.lang.Object, java.lang.Object, java.lang.Object, java.lang.Object, java.lang.Object)'> (0x000000008895dfe8) 
thrown [s\src\hotspot\share\interpreter\linkResolver.cpp, line 804]
Event: 28.801 Thread 0x000001b14efbece0 Exception <a 'java/lang/IncompatibleClassChangeError'{0x000000008862d128}: Found class java.lang.Object, but interface was expected> (0x000000008862d128) 
thrown [s\src\hotspot\share\interpreter\linkResolver.cpp, line 871]
Event: 28.813 Thread 0x000001b14efbece0 Exception <a 'java/lang/NoSuchMethodError'{0x00000000886dfac0}: 'java.lang.Object java.lang.invoke.DirectMethodHandle$Holder.newInvokeSpecial(java.lang.Object, java.lang.Object, int, java.lang.Object, int, java.lang.Object, java.lang.Object)'> (0x00000000886dfac0) 
thrown [s\src\hotspot\share\interpreter\linkResolver.cpp, line 804]
Event: 29.215 Thread 0x000001b14efbece0 Implicit null exception at 0x000001b161bebcac to 0x000001b161bebfc0
Event: 29.247 Thread 0x000001b14efbece0 Exception <a 'java/lang/IncompatibleClassChangeError'{0x0000000087835e68}: Found class java.lang.Object, but interface was expected> (0x0000000087835e68) 
thrown [s\src\hotspot\share\interpreter\linkResolver.cpp, line 871]
Event: 29.305 Thread 0x000001b14efbece0 Exception <a 'java/lang/IncompatibleClassChangeError'{0x000000008766f0a8}: Found class java.lang.Object, but interface was expected> (0x000000008766f0a8) 
thrown [s\src\hotspot\share\interpreter\linkResolver.cpp, line 871]
Event: 29.629 Thread 0x000001b14efbece0 Exception <a 'java/lang/IncompatibleClassChangeError'{0x00000000fffa0aa8}: Found class java.lang.Object, but interface was expected> (0x00000000fffa0aa8) 
thrown [s\src\hotspot\share\interpreter\linkResolver.cpp, line 871]
Event: 33.124 Thread 0x000001b14efbece0 Exception <a 'java/lang/IncompatibleClassChangeError'{0x000000008b978110}: Found class java.lang.Object, but interface was expected> (0x000000008b978110) 
thrown [s\src\hotspot\share\interpreter\linkResolver.cpp, line 871]
Event: 33.764 Thread 0x000001b14efbece0 Exception <a 'java/lang/NoSuchMethodError'{0x000000008d9ff8a8}: 'int java.lang.invoke.DirectMethodHandle$Holder.invokeStaticInit(java.lang.Object, int, java.lang.Object, java.lang.Object, java.lang.Object, java.lang.Object)'> (0x000000008d9ff8a8) 
thrown [s\src\hotspot\share\interpreter\linkResolver.cpp, line 804]
Event: 33.895 Thread 0x000001b14efbece0 Exception <a 'java/lang/NoSuchMethodError'{0x000000008d4df318}: 'int java.lang.invoke.Invokers$Holder.invokeExact_MT(java.lang.Object, java.lang.Object, java.lang.Object)'> (0x000000008d4df318) 
thrown [s\src\hotspot\share\interpreter\linkResolver.cpp, line 804]
Event: 33.904 Thread 0x000001b14efbece0 Exception <a 'sun/nio/fs/WindowsException'{0x000000008d344e90}> (0x000000008d344e90) 
thrown [s\src\hotspot\share\prims\jni.cpp, line 516]
Event: 34.187 Thread 0x000001b14efbece0 Exception <a 'java/lang/NoSuchMethodError'{0x000000008c10da40}: 'java.lang.Object java.lang.invoke.DirectMethodHandle$Holder.newInvokeSpecial(java.lang.Object, java.lang.Object, java.lang.Object, java.lang.Object, java.lang.Object, java.lang.Object, java.lang.Object, java.lang.Object, java.lang.Object)'> (0x000000008c10da40) 
thrown [s\src\hotspot\share\interpreter\linkResolver.cpp, line 804]
Event: 34.189 Thread 0x000001b14efbece0 Exception <a 'java/lang/NoSuchMethodError'{0x000000008c164538}: 'java.lang.Object java.lang.invoke.DirectMethodHandle$Holder.invokeStatic(java.lang.Object, java.lang.Object, java.lang.Object, java.lang.Object, java.lang.Object, java.lang.Object, java.lang.Object, java.lang.Object, java.lang.Object, java.lang.Object, java.lang.Object)'> (0x000000008c164538) 
thrown [s\src\hotspot\share\interpreter\linkResolver.cpp, line 804]
Event: 34.191 Thread 0x000001b14efbece0 Exception <a 'java/lang/NoSuchMethodError'{0x000000008c18c240}: 'java.lang.Object java.lang.invoke.DirectMethodHandle$Holder.invokeStatic(java.lang.Object, java.lang.Object, java.lang.Object, java.lang.Object, java.lang.Object, java.lang.Object, java.lang.Object, java.lang.Object, java.lang.Object, java.lang.Object, java.lang.Object, java.lang.Object)'> (0x000000008c18c240) 
thrown [s\src\hotspot\share\interpreter\linkResolver.cpp, line 804]

VM Operations (20 events):
Event: 30.664 Executing safepoint VM operation: G1PauseCleanup done
Event: 30.963 Executing safepoint VM operation: G1CollectForAllocation (G1 Evacuation Pause)
Event: 30.987 Executing safepoint VM operation: G1CollectForAllocation (G1 Evacuation Pause) done
Event: 32.632 Executing safepoint VM operation: G1CollectForAllocation (G1 Evacuation Pause)
Event: 32.650 Executing safepoint VM operation: G1CollectForAllocation (G1 Evacuation Pause) done
Event: 33.158 Executing safepoint VM operation: G1CollectForAllocation (G1 Evacuation Pause)
Event: 33.167 Executing safepoint VM operation: G1CollectForAllocation (G1 Evacuation Pause) done
Event: 33.275 Executing safepoint VM operation: G1PauseRemark
Event: 33.280 Executing safepoint VM operation: G1PauseRemark done
Event: 33.320 Executing safepoint VM operation: G1PauseCleanup
Event: 33.321 Executing safepoint VM operation: G1PauseCleanup done
Event: 33.353 Executing safepoint VM operation: G1CollectForAllocation (G1 Evacuation Pause)
Event: 33.373 Executing safepoint VM operation: G1CollectForAllocation (G1 Evacuation Pause) done
Event: 33.475 Executing safepoint VM operation: G1CollectForAllocation (G1 Evacuation Pause)
Event: 33.489 Executing safepoint VM operation: G1CollectForAllocation (G1 Evacuation Pause) done
Event: 33.624 Executing safepoint VM operation: G1CollectForAllocation (G1 Evacuation Pause)
Event: 33.632 Executing safepoint VM operation: G1CollectForAllocation (G1 Evacuation Pause) done
Event: 34.164 Executing non-safepoint VM operation: HandshakeAllThreads (Deoptimize)
Event: 34.164 Executing non-safepoint VM operation: HandshakeAllThreads (Deoptimize) done
Event: 34.685 Executing safepoint VM operation: G1CollectForAllocation (G1 Evacuation Pause)

Memory protections (0 events):
No events

Nmethod flushes (20 events):
Event: 33.279 Thread 0x000001b16d986190 flushing  nmethod 0x000001b15a9a1988
Event: 33.279 Thread 0x000001b16d986190 flushing  nmethod 0x000001b15a9a2c08
Event: 33.279 Thread 0x000001b16d986190 flushing  nmethod 0x000001b15a9a3b08
Event: 33.279 Thread 0x000001b16d986190 flushing  nmethod 0x000001b15a9a4008
Event: 33.279 Thread 0x000001b16d986190 flushing  nmethod 0x000001b1618f0808
Event: 33.279 Thread 0x000001b16d986190 flushing  nmethod 0x000001b161b34008
Event: 33.279 Thread 0x000001b16d986190 flushing osr nmethod 0x000001b159f18188
Event: 33.279 Thread 0x000001b16d986190 flushing  nmethod 0x000001b15a977088
Event: 33.279 Thread 0x000001b16d986190 flushing  nmethod 0x000001b15a979c88
Event: 33.279 Thread 0x000001b16d986190 flushing  nmethod 0x000001b15a97b908
Event: 33.279 Thread 0x000001b16d986190 flushing  nmethod 0x000001b15a97cd08
Event: 33.279 Thread 0x000001b16d986190 flushing  nmethod 0x000001b15a97f408
Event: 33.279 Thread 0x000001b16d986190 flushing  nmethod 0x000001b15a989288
Event: 33.279 Thread 0x000001b16d986190 flushing  nmethod 0x000001b15a989788
Event: 33.279 Thread 0x000001b16d986190 flushing  nmethod 0x000001b15a98bc08
Event: 33.279 Thread 0x000001b16d986190 flushing  nmethod 0x000001b15a999b88
Event: 33.279 Thread 0x000001b16d986190 flushing  nmethod 0x000001b15a99bc88
Event: 33.279 Thread 0x000001b16d986190 flushing  nmethod 0x000001b15a99bf88
Event: 33.279 Thread 0x000001b16d986190 flushing  nmethod 0x000001b15a99c908
Event: 33.279 Thread 0x000001b16d986190 flushing  nmethod 0x000001b15a99f108

Events (20 events):
Event: 21.354 Thread 0x000001b16da6f7b0 Thread exited: 0x000001b16da6f7b0
Event: 21.490 Thread 0x000001b14efbece0 Thread added: 0x000001b172cd7e80
Event: 21.658 Thread 0x000001b14efbece0 Thread added: 0x000001b172cd4fa0
Event: 21.750 Thread 0x000001b16d9b15d0 Thread added: 0x000001b16da6f7b0
Event: 21.764 Thread 0x000001b172cd4fa0 Thread added: 0x000001b172cdbd00
Event: 23.038 Thread 0x000001b16da6f7b0 Thread exited: 0x000001b16da6f7b0
Event: 24.747 Thread 0x000001b16d9b15d0 Thread added: 0x000001b1731b0ef0
Event: 25.080 Thread 0x000001b1731b0ef0 Thread exited: 0x000001b1731b0ef0
Event: 25.348 Thread 0x000001b16d9b15d0 Thread added: 0x000001b1731b1700
Event: 25.821 Thread 0x000001b1731b1700 Thread exited: 0x000001b1731b1700
Event: 29.117 Thread 0x000001b172cdbd00 Thread exited: 0x000001b172cdbd00
Event: 29.230 Thread 0x000001b16d9b15d0 Thread added: 0x000001b1731b3f50
Event: 29.820 Thread 0x000001b1731b3f50 Thread exited: 0x000001b1731b3f50
Event: 32.487 Thread 0x000001b16d9b15d0 Thread added: 0x000001b1731b67a0
Event: 32.902 Thread 0x000001b1731b67a0 Thread exited: 0x000001b1731b67a0
Event: 33.084 Thread 0x000001b16d9b15d0 Thread added: 0x000001b1731b67a0
Event: 33.309 Thread 0x000001b1731b67a0 Thread exited: 0x000001b1731b67a0
Event: 33.669 Thread 0x000001b16d9b15d0 Thread added: 0x000001b1731b1700
Event: 34.588 Thread 0x000001b1731b1700 Thread exited: 0x000001b1731b1700
Event: 34.626 Thread 0x000001b16d9b15d0 Thread added: 0x000001b1731b2f30


Dynamic libraries:
0x00007ff680fb0000 - 0x00007ff680fbe000 	C:\Program Files\Eclipse Adoptium\jdk-25.0.2.10-hotspot\bin\java.exe
0x00007ffde4b80000 - 0x00007ffde4de6000 	C:\WINDOWS\SYSTEM32\ntdll.dll
0x00007ffde32c0000 - 0x00007ffde3389000 	C:\WINDOWS\System32\KERNEL32.DLL
0x00007ffde1e50000 - 0x00007ffde224f000 	C:\WINDOWS\System32\KERNELBASE.dll
0x00007ffddec20000 - 0x00007ffddecbf000 	C:\WINDOWS\SYSTEM32\apphelp.dll
0x00007ffde2260000 - 0x00007ffde23ac000 	C:\WINDOWS\System32\ucrtbase.dll
0x00007ffdada00000 - 0x00007ffdada1e000 	C:\Program Files\Eclipse Adoptium\jdk-25.0.2.10-hotspot\bin\VCRUNTIME140.dll
0x00007ffdaba60000 - 0x00007ffdaba76000 	C:\Program Files\Eclipse Adoptium\jdk-25.0.2.10-hotspot\bin\jli.dll
0x00007ffde3ee0000 - 0x00007ffde40a6000 	C:\WINDOWS\System32\USER32.dll
0x00007ffde23c0000 - 0x00007ffde23e7000 	C:\WINDOWS\System32\win32u.dll
0x00007ffdbf4e0000 - 0x00007ffdbf771000 	C:\WINDOWS\WinSxS\amd64_microsoft.windows.common-controls_6595b64144ccf1df_6.0.26100.8972_none_3e0da176e32f9d4b\COMCTL32.dll
0x00007ffde2bf0000 - 0x00007ffde2c1b000 	C:\WINDOWS\System32\GDI32.dll
0x00007ffde2f90000 - 0x00007ffde3039000 	C:\WINDOWS\System32\msvcrt.dll
0x00007ffde24a0000 - 0x00007ffde25c9000 	C:\WINDOWS\System32\gdi32full.dll
0x00007ffde23f0000 - 0x00007ffde2493000 	C:\WINDOWS\System32\msvcp_win.dll
0x00007ffde3270000 - 0x00007ffde32a2000 	C:\WINDOWS\System32\IMM32.DLL
0x00007ffdc0e00000 - 0x00007ffdc0e0c000 	C:\Program Files\Eclipse Adoptium\jdk-25.0.2.10-hotspot\bin\vcruntime140_1.dll
0x00007ffd7d6e0000 - 0x00007ffd7d76d000 	C:\Program Files\Eclipse Adoptium\jdk-25.0.2.10-hotspot\bin\msvcp140.dll
0x00007ffd2da20000 - 0x00007ffd2e946000 	C:\Program Files\Eclipse Adoptium\jdk-25.0.2.10-hotspot\bin\server\jvm.dll
0x00007ffde2940000 - 0x00007ffde29fc000 	C:\WINDOWS\System32\ADVAPI32.dll
0x00007ffde3e30000 - 0x00007ffde3eda000 	C:\WINDOWS\System32\sechost.dll
0x00007ffde2c20000 - 0x00007ffde2d38000 	C:\WINDOWS\System32\RPCRT4.dll
0x00007ffde28b0000 - 0x00007ffde2932000 	C:\WINDOWS\System32\WS2_32.dll
0x00007ffdd9940000 - 0x00007ffdd9976000 	C:\WINDOWS\SYSTEM32\WINMM.dll
0x00007ffde1bf0000 - 0x00007ffde1c4e000 	C:\WINDOWS\SYSTEM32\POWRPROF.dll
0x00007ffdca150000 - 0x00007ffdca15b000 	C:\WINDOWS\SYSTEM32\VERSION.dll
0x00007ffde1bd0000 - 0x00007ffde1be5000 	C:\WINDOWS\SYSTEM32\UMPDC.dll
0x00007ffde0a60000 - 0x00007ffde0a7b000 	C:\WINDOWS\SYSTEM32\kernel.appcore.dll
0x00007ffdbb8e0000 - 0x00007ffdbb8ea000 	C:\Program Files\Eclipse Adoptium\jdk-25.0.2.10-hotspot\bin\jimage.dll
0x00007ffdbeb20000 - 0x00007ffdbed62000 	C:\WINDOWS\SYSTEM32\DBGHELP.DLL
0x00007ffde4270000 - 0x00007ffde45f5000 	C:\WINDOWS\System32\combase.dll
0x00007ffde2eb0000 - 0x00007ffde2f89000 	C:\WINDOWS\System32\OLEAUT32.dll
0x00007ffdb95d0000 - 0x00007ffdb960b000 	C:\WINDOWS\SYSTEM32\dbgcore.DLL
0x00007ffde25d0000 - 0x00007ffde267c000 	C:\WINDOWS\System32\bcryptPrimitives.dll
0x00007ffdaba40000 - 0x00007ffdaba5e000 	C:\Program Files\Eclipse Adoptium\jdk-25.0.2.10-hotspot\bin\java.dll
0x00007ffde3040000 - 0x00007ffde31d9000 	C:\WINDOWS\System32\ole32.dll
0x00007ffde35b0000 - 0x00007ffde3d38000 	C:\WINDOWS\System32\SHELL32.dll
0x00007ffddf800000 - 0x00007ffde009b000 	C:\WINDOWS\SYSTEM32\windows.storage.dll
0x00007ffde3420000 - 0x00007ffde3519000 	C:\WINDOWS\System32\SHCORE.dll
0x00007ffde2e40000 - 0x00007ffde2ea6000 	C:\WINDOWS\System32\shlwapi.dll
0x00007ffde1cb0000 - 0x00007ffde1cd9000 	C:\WINDOWS\SYSTEM32\profapi.dll
0x00007ffda4640000 - 0x00007ffda4651000 	C:\Program Files\Eclipse Adoptium\jdk-25.0.2.10-hotspot\bin\net.dll
0x00007ffde1030000 - 0x00007ffde109c000 	C:\WINDOWS\system32\mswsock.dll
0x00007ffda43e0000 - 0x00007ffda43f6000 	C:\Program Files\Eclipse Adoptium\jdk-25.0.2.10-hotspot\bin\nio.dll
0x00007ffda43c0000 - 0x00007ffda43d7000 	C:\Program Files\Eclipse Adoptium\jdk-25.0.2.10-hotspot\bin\zip.dll
0x00007ffdba430000 - 0x00007ffdba43a000 	C:\Program Files\Eclipse Adoptium\jdk-25.0.2.10-hotspot\bin\management.dll
0x00007ffdba410000 - 0x00007ffdba41c000 	C:\Program Files\Eclipse Adoptium\jdk-25.0.2.10-hotspot\bin\management_ext.dll
0x00007ffde3d40000 - 0x00007ffde3d48000 	C:\WINDOWS\System32\PSAPI.DLL
0x00007ffdba570000 - 0x00007ffdba57e000 	C:\Program Files\Eclipse Adoptium\jdk-25.0.2.10-hotspot\bin\sunmscapi.dll
0x00007ffde2720000 - 0x00007ffde289e000 	C:\WINDOWS\System32\CRYPT32.dll
0x00007ffde1560000 - 0x00007ffde1590000 	C:\WINDOWS\SYSTEM32\ncrypt.dll
0x00007ffde1510000 - 0x00007ffde154f000 	C:\WINDOWS\SYSTEM32\NTASN1.dll
0x00007ffde1320000 - 0x00007ffde133b000 	C:\WINDOWS\SYSTEM32\CRYPTSP.dll
0x00007ffde09c0000 - 0x00007ffde09f9000 	C:\WINDOWS\system32\rsaenh.dll
0x00007ffde10e0000 - 0x00007ffde1112000 	C:\WINDOWS\SYSTEM32\USERENV.dll
0x00007ffde1c80000 - 0x00007ffde1caa000 	C:\WINDOWS\SYSTEM32\bcrypt.dll
0x00007ffde1340000 - 0x00007ffde134c000 	C:\WINDOWS\SYSTEM32\CRYPTBASE.dll
0x00007ffde04a0000 - 0x00007ffde04d3000 	C:\WINDOWS\SYSTEM32\IPHLPAPI.DLL
0x00007ffde32b0000 - 0x00007ffde32ba000 	C:\WINDOWS\System32\NSI.dll
0x00007ffde04e0000 - 0x00007ffde0638000 	C:\WINDOWS\SYSTEM32\DNSAPI.dll
0x00007ffde0e30000 - 0x00007ffde0e3d000 	C:\WINDOWS\SYSTEM32\DSPARSE.dll
0x00007ffdc5610000 - 0x00007ffdc561b000 	C:\Windows\System32\rasadhlp.dll
0x00007ffdd4530000 - 0x00007ffdd45b6000 	C:\WINDOWS\System32\fwpuclnt.dll
0x00007ffdbaaa0000 - 0x00007ffdbaaa9000 	C:\Program Files\Eclipse Adoptium\jdk-25.0.2.10-hotspot\bin\extnet.dll

JVMTI agents: none

dbghelp: loaded successfully - version: 4.0.5 - missing functions: none
symbol engine: initialized successfully - sym options: 0x614 - pdb path: .;C:\Program Files\Eclipse Adoptium\jdk-25.0.2.10-hotspot\bin;C:\WINDOWS\SYSTEM32;C:\WINDOWS\WinSxS\amd64_microsoft.windows.common-controls_6595b64144ccf1df_6.0.26100.8972_none_3e0da176e32f9d4b;C:\Program Files\Eclipse Adoptium\jdk-25.0.2.10-hotspot\bin\server

VM Arguments:
java_command: C:\Users\Ignacio\AppData\Local\Temp\surefire16628403635127215584\surefirebooter-20260828182022935_3.jar C:\Users\Ignacio\AppData\Local\Temp\surefire16628403635127215584 2026-08-28T18-20-22_487-jvmRun1 surefire-20260828182022935_1tmp surefire_0-20260828182022935_2tmp
java_class_path (initial): C:\Users\Ignacio\AppData\Local\Temp\surefire16628403635127215584\surefirebooter-20260828182022935_3.jar
Launcher Type: SUN_STANDARD

[Global flags]
     intx CICompilerCount                          = 3                                         {product} {ergonomic}
     uint ConcGCThreads                            = 1                                         {product} {ergonomic}
     uint G1ConcRefinementThreads                  = 4                                         {product} {ergonomic}
   size_t G1HeapRegionSize                         = 1048576                                   {product} {ergonomic}
   size_t InitialHeapSize                          = 132120576                                 {product} {ergonomic}
   size_t MarkStackSize                            = 4194304                                   {product} {ergonomic}
   size_t MarkStackSizeMax                         = 536870912                                 {product} {ergonomic}
   size_t MaxHeapSize                              = 2090860544                                {product} {ergonomic}
   size_t MaxNewSize                               = 1254096896                                {product} {ergonomic}
   size_t MinHeapDeltaBytes                        = 1048576                                   {product} {ergonomic}
   size_t MinHeapSize                              = 8388608                                   {product} {ergonomic}
    uintx NonNMethodCodeHeapSize                   = 5832704                                {pd product} {ergonomic}
    uintx NonProfiledCodeHeapSize                  = 122945536                              {pd product} {ergonomic}
    uintx ProfiledCodeHeapSize                     = 122880000                              {pd product} {ergonomic}
    uintx ReservedCodeCacheSize                    = 251658240                              {pd product} {ergonomic}
     bool SegmentedCodeCache                       = true                                      {product} {ergonomic}
   size_t SoftMaxHeapSize                          = 2090860544                             {manageable} {ergonomic}
     bool UseCompressedOops                        = true                           {product lp64_product} {ergonomic}
     bool UseG1GC                                  = true                                      {product} {ergonomic}
     bool UseLargePagesIndividualAllocation        = false                                  {pd product} {ergonomic}

Logging:
Log output configuration:
 #0: stdout all=warning uptime,level,tags foldmultilines=false
 #1: stderr all=off uptime,level,tags foldmultilines=false

Release file:
IMPLEMENTOR="Eclipse Adoptium" 
IMPLEMENTOR_VERSION="Temurin-25.0.2+10" 
JAVA_RUNTIME_VERSION="25.0.2+10-LTS" 
JAVA_VERSION="25.0.2" 
JAVA_VERSION_DATE="2026-01-20" 
LIBC="default" 
MODULES="java.base java.compiler java.datatransfer java.xml java.prefs java.desktop java.instrument java.logging java.management java.security.sasl java.naming java.rmi java.management.rmi java.net.http java.scripting java.security.jgss java.transaction.xa java.sql java.sql.rowset java.xml.crypto java.se java.smartcardio jdk.accessibility jdk.internal.jvmstat jdk.attach jdk.charsets jdk.internal.opt jdk.zipfs jdk.compiler jdk.crypto.cryptoki jdk.crypto.ec jdk.crypto.mscapi jdk.dynalink jdk.internal.ed jdk.editpad jdk.internal.vm.ci jdk.graal.compiler jdk.graal.compiler.management jdk.hotspot.agent jdk.httpserver jdk.incubator.vector jdk.internal.le jdk.internal.md jdk.jartool jdk.javadoc jdk.jcmd jdk.management jdk.management.agent jdk.jconsole jdk.jdeps jdk.jdwp.agent jdk.jdi jdk.jfr jdk.jlink jdk.jpackage jdk.jshell jdk.jsobject jdk.jstatd jdk.localedata jdk.management.jfr jdk.naming.dns jdk.naming.rmi jdk.net jdk.nio.mapmode jdk.sctp jdk.security.auth jdk.security.jgss jdk.unsupported jdk.unsupported.desktop jdk.xml.dom" 
OS_ARCH="x86_64" 
OS_NAME="Windows" 
SOURCE=".:git:9e3c947043a4" 
BUILD_SOURCE="git:458965074606f027bd5afce2cfd5c1055dea0438"
BUILD_SOURCE_REPO="https://github.com/adoptium/temurin-build.git"
SOURCE_REPO="https://github.com/adoptium/jdk25u.git"
FULL_VERSION="25.0.2+10-LTS"
SEMANTIC_VERSION="25.0.2+10"
BUILD_INFO="OS: Windows Server 2022 Version: 10.0"
JVM_VARIANT="Hotspot"
JVM_VERSION="25.0.2+10-LTS"
IMAGE_TYPE="JDK"

Environment Variables:
JAVA_HOME=C:/Program Files/Eclipse Adoptium/jdk-25.0.2.10-hotspot
PATH=C:\Users\Ignacio\bin;C:\Program Files\Git\mingw64\bin;C:\Program Files\Git\usr\local\bin;C:\Program Files\Git\usr\bin;C:\Program Files\Git\usr\bin;C:\Program Files\Git\mingw64\bin;C:\Program Files\Git\usr\bin;C:\Users\Ignacio\bin;C:\Program Files\Eclipse Adoptium\jdk-25.0.2.10-hotspot\bin;C:\WINDOWS\system32;C:\WINDOWS;C:\WINDOWS\System32\Wbem;C:\WINDOWS\System32\WindowsPowerShell\v1.0;C:\WINDOWS\System32\OpenSSH;C:\Program Files (x86)\Microsoft SQL Server\160\Tools\Binn;C:\Program Files\Microsoft SQL Server\160\Tools\Binn;C:\Program Files\Microsoft SQL Server\Client SDK\ODBC\170\Tools\Binn;C:\Program Files\Microsoft SQL Server\160\DTS\Binn;C:\Program Files\Docker\Docker\resources\bin;C:\Program Files\PuTTY;C:\Program Files\Git\cmd;C:\Users\Ignacio\AppData\Roaming\npm;C:\Program Files\nodejs;C:\Users\Ignacio\Downloads\ffmpeg-master-latest-win64-gpl-shared\ffmpeg\bin;C:\Program Files\PowerShell\7;C:\Users\Ignacio\AppData\Local\Muse Hub\lib;C:\Users\Ignacio\AppData\Local\Programs\Python\Python313\Scripts;C:\Users\Ignacio\AppData\Local\Programs\Python\Python313;C:\Users\Ignacio\AppData\Local\Programs\Python\Launcher;C:\Users\Ignacio\AppData\Local\pnpm;C:\Users\Ignacio\AppData\Local\Microsoft\WindowsApps;C:\Users\Ignacio\AppData\Local\Programs\Microsoft VS Code\bin;C:\Users\Ignacio\AppData\Roaming\npm;C:\Program Files\Eclipse Adoptium\jdk-25.0.2.10-hotspot\bin;C:\Users\Ignacio\Downloads\apache-maven-3.9.14-bin\apache-maven-3.9.14\bin;C:\Program Files\Git\usr\bin\vendor_perl;C:\Program Files\Git\usr\bin\core_perl
USERNAME=Ignacio
SHELL=C:\Program Files\Git\usr\bin\bash.exe
TERM=xterm-256color
OS=Windows_NT
PROCESSOR_IDENTIFIER=Intel64 Family 6 Model 140 Stepping 2, GenuineIntel
TMP=C:\Users\Ignacio\AppData\Local\Temp
TEMP=C:\Users\Ignacio\AppData\Local\Temp




Compilation memory statistics disabled.

Periodic native trim disabled

---------------  S Y S T E M  ---------------

OS:
 Windows 11 , 64 bit Build 26100 (10.0.26100.9168)
OS uptime: 16 days 19:29 hours
Hyper-V role detected

CPU: total 4 (initial active 4) (2 cores per cpu, 2 threads per core) family 6 model 140 stepping 2 microcode 0x26, cx8, cmov, fxsr, ht, mmx, 3dnowpref, sse, sse2, sse3, ssse3, sse4.1, sse4.2, popcnt, lzcnt, tsc, tscinvbit, avx, avx2, aes, erms, clmul, bmi1, bmi2, adx, avx512f, avx512dq, avx512cd, avx512bw, avx512vl, sha, fma, vzeroupper, avx512_vpopcntdq, avx512_vpclmulqdq, avx512_vaes, avx512_vnni, clflush, clflushopt, clwb, avx512_vbmi2, avx512_vbmi, hv, rdtscp, rdpid, fsrm, gfni, avx512_bitalg, f16c, cet_ibt, cet_ss, avx512_ifma
Processor Information for the first 4 processors :
  Max Mhz: 2995, Current Mhz: 2995, Mhz Limit: 2995

Memory: 4k page, system-wide physical 7975M (457M free)
TotalPageFile size 32551M (AvailPageFile size 183M)
current process WorkingSet (physical memory assigned to process): 375M, peak: 390M
current process commit charge ("private bytes"): 399M, peak: 625M

vm_info: OpenJDK 64-Bit Server VM (25.0.2+10-LTS) for windows-amd64 JRE (25.0.2+10-LTS), built on 2026-01-20T00:00:00Z with MS VC++ 17.12 (VS2022)

END.
